;read data
file/read-case
FFF.cas

;set the model as mixture
/define/models/multiphase/model/mixture

;set the injection
/define/injections/create-injection/injection-0 n y surface n inlet_1 inlet_2 inlet_3 () n y n n n n n EEEEE GGGGG 0.00454

;set the erosion 
/define/models/dpm/options/erosion-accretion y 


;boundary conditions inlet setting
/define/boundary-conditions/velocity-inlet inlet mixture n HHHHH n n y 10 100 n

/define/boundary-conditions/velocity-inlet inlet phase-1 n n y y n FFFFF 

/define/boundary-conditions/velocity-inlet inlet phase-2 n n y y n FFFFF n 0

;boundary conditions inlet_1 setting
/define/boundary-conditions/velocity-inlet inlet_1 mixture n IIIII n n y 10 100 n

/define/boundary-conditions/velocity-inlet inlet_1 phase-1 n n y y n GGGGG 

/define/boundary-conditions/velocity-inlet inlet_1 phase-2 n n y y n GGGGG n 0

;boundary conditions inlet_2 setting
/define/boundary-conditions/velocity-inlet inlet_2 mixture n IIIII n n y 10 100 n

/define/boundary-conditions/velocity-inlet inlet_2 phase-1 n n y y n GGGGG 

/define/boundary-conditions/velocity-inlet inlet_2 phase-2 n n y y n GGGGG n 0

;boundary conditions inlet_3 setting
/define/boundary-conditions/velocity-inlet inlet_3 mixture n IIIII n n y 10 100 n

/define/boundary-conditions/velocity-inlet inlet_3 phase-1 n n y y n GGGGG 

/define/boundary-conditions/velocity-inlet inlet_3 phase-2 n n y y n GGGGG n 0

/define/boundary-conditions/zone-type outlet outflow



;# of iteration setup
solve/set/number-of-iterations/200

;initialization
solve/initialize/initialize-flow

;initiate calculation
solve/iterate 200

;dummy
/display/particle-tracks/mixture dpm-erosion-rate-finnie injection-0 () () ()


;overwrite data
file/write-case-data FFF.cas y


;particle velocity data processing
file/export/particle-history-data ensight particle_v particle_v_ensight 50 injection-0 () particle-x-velocity particle-y-velocity particle-z-velocity q 0 1000

;particle position data processing
file/export/particle-history-data ensight particle_p particle_p_ensight 50 injection-0 () particle-x-position particle-y-position particle-z-position q 0 1000

;data processing
/file/export/ascii corrosion_pressure inlet inlet_1 inlet_2 inlet_3 wall outlet () y dpm-erosion-rate-finnie dynamic-pressure absolute-pressure q y

